Microsoft Windows [Version 10.0.22621.2283]
(c) Microsoft Corporation. All rights reserved.

D:\c dac cprogram\kkk\hello-world>git status
On branch master
Your branch is up to date with 'origin/master'.

Untracked files:
  (use "git add <file>..." to include in what will be committed)
        koustubh.txt

nothing added to commit but untracked files present (use "git add" to track)

D:\c dac cprogram\kkk\hello-world>git add koustubh.txt

D:\c dac cprogram\kkk\hello-world>git commit -m "new data"
Author identity unknown

*** Please tell me who you are.

Run

  git config --global user.email "you@example.com"
  git config --global user.name "Your Name"

to set your account's default identity.
Omit --global to set the identity only in this repository.

fatal: unable to auto-detect email address (got 'Koustubh'sLaptop@LAPTOP-J23BUPLC.(none)')

D:\c dac cprogram\kkk\hello-world>git push
info: please complete authentication in your browser...
Everything up-to-date

D:\c dac cprogram\kkk\hello-world>git push
Everything up-to-date